BL51 BANKED LINKER/LOCATER V6.22.4.0                                                    11/28/2024  18:46:39  PAGE 1


BL51 BANKED LINKER/LOCATER V6.22.4.0, INVOKED BY:
C:\KEIL_V5\C51\BIN\BL51.EXE .\Objects\STARTUP.obj, .\Objects\test12.obj TO .\Objects\test12 PRINT (.\Listings\test12.m51
>> ) CODE (0X0000-0X0FFF)


MEMORY MODEL: LARGE


INPUT MODULES INCLUDED:
  .\Objects\STARTUP.obj (?C_STARTUP)
  .\Objects\test12.obj (TEST12)
  C:\KEIL_V5\C51\LIB\C51L.LIB (?C?COPY)
  C:\KEIL_V5\C51\LIB\C51L.LIB (?C?CLDOPTR)
  C:\KEIL_V5\C51\LIB\C51L.LIB (?C?SIDIV)
  C:\KEIL_V5\C51\LIB\C51L.LIB (?C?SLCMP)
  C:\KEIL_V5\C51\LIB\C51L.LIB (?C?LSTXDATA)
  C:\KEIL_V5\C51\LIB\C51L.LIB (?C?LSTKXDATA)
  C:\KEIL_V5\C51\LIB\C51L.LIB (?C?UIDIV)


LINK MAP OF MODULE:  .\Objects\test12 (?C_STARTUP)


            TYPE    BASE      LENGTH    RELOCATION   SEGMENT NAME
            -----------------------------------------------------

            * * * * * * *   D A T A   M E M O R Y   * * * * * * *
            REG     0000H     0008H     ABSOLUTE     "REG BANK 0"
            IDATA   0008H     0001H     UNIT         ?STACK

            * * * * * * *  X D A T A   M E M O R Y  * * * * * * *
            XDATA   0000H     0019H     UNIT         _XDATA_GROUP_
            XDATA   0019H     0008H     UNIT         ?XD?TEST12

            * * * * * * *   C O D E   M E M O R Y   * * * * * * *
            CODE    0000H     0003H     ABSOLUTE     
                    0003H     0028H                  *** GAP ***
            CODE    002BH     0003H     ABSOLUTE     
                    002EH     07D2H                  *** GAP ***
            CODE    0800H     0201H     UNIT         ?C?LIB_CODE
            CODE    0A01H     0150H     UNIT         ?PR?DISPLAYLCD?TEST12
            CODE    0B51H     00D4H     UNIT         ?PR?MAIN?TEST12
            CODE    0C25H     008AH     UNIT         ?PR?TIMEINTERRUPT?TEST12
            CODE    0CAFH     007BH     UNIT         ?PR?_SENDDATA?TEST12
            CODE    0D2AH     0058H     UNIT         ?PR?_DELAY?TEST12
            CODE    0D82H     0056H     UNIT         ?PR?LCD?TEST12
            CODE    0DD8H     003DH     UNIT         ?CO?TEST12
            CODE    0E15H     001FH     UNIT         ?PR?_FINDREMAINDER?TEST12
            CODE    0E34H     001BH     UNIT         ?PR?_SENDCOMAND?TEST12
            CODE    0E4FH     001BH     UNIT         ?PR?_SENDINTEGER?TEST12
            CODE    0E6AH     000CH     UNIT         ?C_C51STARTUP



OVERLAY MAP OF MODULE:   .\Objects\test12 (?C_STARTUP)


SEGMENT                             XDATA_GROUP
BL51 BANKED LINKER/LOCATER V6.22.4.0                                                  11/28/2024  18:46:39  PAGE 2


  +--> CALLED SEGMENT             START    LENGTH
-------------------------------------------------
?C_C51STARTUP                     -----    -----
  +--> ?PR?MAIN?TEST12

?PR?MAIN?TEST12                   0000H    0004H
  +--> ?PR?LCD?TEST12
  +--> ?PR?_SENDCOMAND?TEST12
  +--> ?PR?DISPLAYLCD?TEST12
  +--> ?CO?TEST12
  +--> ?PR?_SENDDATA?TEST12

?PR?LCD?TEST12                    0004H    0008H
  +--> ?CO?TEST12
  +--> ?PR?_SENDCOMAND?TEST12

?PR?_SENDCOMAND?TEST12            -----    -----
  +--> ?PR?_DELAY?TEST12

?PR?_DELAY?TEST12                 0011H    0008H

?PR?DISPLAYLCD?TEST12             0004H    0004H
  +--> ?PR?_SENDCOMAND?TEST12
  +--> ?PR?_FINDREMAINDER?TEST12
  +--> ?CO?TEST12
  +--> ?PR?_SENDDATA?TEST12
  +--> ?PR?_SENDINTEGER?TEST12

?PR?_SENDDATA?TEST12              0008H    0009H
  +--> ?CO?TEST12
  +--> ?PR?_DELAY?TEST12

?PR?_SENDINTEGER?TEST12           0008H    0006H
  +--> ?PR?_DELAY?TEST12



SYMBOL TABLE OF MODULE:  .\Objects\test12 (?C_STARTUP)

  VALUE           TYPE          NAME
  ----------------------------------

  -------         MODULE        ?C_STARTUP
  C:0E6AH         SEGMENT       ?C_C51STARTUP
  I:0008H         SEGMENT       ?STACK
  C:0000H         PUBLIC        ?C_STARTUP
  D:00E0H         SYMBOL        ACC
  D:00F0H         SYMBOL        B
  D:0083H         SYMBOL        DPH
  D:0082H         SYMBOL        DPL
  N:0000H         SYMBOL        IBPSTACK
  N:0100H         SYMBOL        IBPSTACKTOP
  N:0080H         SYMBOL        IDATALEN
  C:0E6DH         SYMBOL        IDATALOOP
  N:0000H         SYMBOL        PBPSTACK
  N:0100H         SYMBOL        PBPSTACKTOP
  N:0000H         SYMBOL        PDATALEN
BL51 BANKED LINKER/LOCATER V6.22.4.0                                                  11/28/2024  18:46:39  PAGE 3


  N:0000H         SYMBOL        PDATASTART
  N:0000H         SYMBOL        PPAGE
  N:0000H         SYMBOL        PPAGEENABLE
  D:00A0H         SYMBOL        PPAGE_SFR
  D:0081H         SYMBOL        SP
  C:0E6AH         SYMBOL        STARTUP1
  N:0000H         SYMBOL        XBPSTACK
  N:0000H         SYMBOL        XBPSTACKTOP
  N:0000H         SYMBOL        XDATALEN
  N:0000H         SYMBOL        XDATASTART
  C:0000H         LINE#         126
  C:0E6AH         LINE#         133
  C:0E6CH         LINE#         134
  C:0E6DH         LINE#         135
  C:0E6EH         LINE#         136
  C:0E70H         LINE#         185
  C:0E73H         LINE#         196
  -------         ENDMOD        ?C_STARTUP

  -------         MODULE        TEST12
  C:0000H         SYMBOL        _ICE_DUMMY_
  C:0E4FH         PUBLIC        _sendInteger
  D:0080H         PUBLIC        P0
  D:0090H         PUBLIC        P1
  D:00A0H         PUBLIC        P2
  C:0E3AH         PUBLIC        _sendComand
  D:00B0H         PUBLIC        P3
  D:00C0H         PUBLIC        P4
  C:0C25H         PUBLIC        timeInterrupt
  B:00A8H.7       PUBLIC        EA
  D:00A8H         PUBLIC        IE
  B:0090H.0       PUBLIC        P1_0
  C:0D2AH         PUBLIC        _delay
  B:0090H.1       PUBLIC        P1_1
  B:00A0H.5       PUBLIC        P2_5
  B:00A0H.6       PUBLIC        P2_6
  B:00A0H.7       PUBLIC        P2_7
  D:00D8H         PUBLIC        CCON
  C:0B51H         PUBLIC        main
  C:0CCDH         PUBLIC        _sendData
  C:0D82H         PUBLIC        lcd
  D:0098H         PUBLIC        SCON
  D:0088H         PUBLIC        TCON
  X:0019H         PUBLIC        sec
  C:0E1EH         PUBLIC        _findRemainder
  C:0E0FH         SYMBOL        _?ix1000
  X:001BH         PUBLIC        min
  B:00A8H.5       PUBLIC        ET2
  B:00C8H.7       PUBLIC        TF2
  D:00CDH         PUBLIC        TH2
  C:0A01H         PUBLIC        displayLCD
  D:00CCH         PUBLIC        TL2
  B:00C8H.2       PUBLIC        TR2
  X:001DH         PUBLIC        ms
  D:00B8H         PUBLIC        IPL
  D:00C8H         PUBLIC        T2CON
  X:001FH         PUBLIC        x
BL51 BANKED LINKER/LOCATER V6.22.4.0                                                  11/28/2024  18:46:39  PAGE 4


  D:00D0H         PUBLIC        PSW
  -------         PROC          TIMEINTERRUPT
  C:0C25H         LINE#         17
  C:0C2DH         LINE#         19
  C:0C35H         LINE#         20
  C:0C37H         LINE#         21
  C:0C3AH         LINE#         22
  C:0C3DH         LINE#         23
  C:0C4BH         LINE#         24
  C:0C5CH         LINE#         25
  C:0C5CH         LINE#         26
  C:0C60H         LINE#         27
  C:0C6EH         LINE#         28
  C:0C7FH         LINE#         29
  C:0C7FH         LINE#         30
  C:0C83H         LINE#         31
  C:0C91H         LINE#         32
  C:0CA2H         LINE#         33
  C:0CA2H         LINE#         34
  C:0CA6H         LINE#         36
  C:0CA6H         LINE#         37
  C:0CA6H         LINE#         38
  C:0CA6H         LINE#         39
  -------         ENDPROC       TIMEINTERRUPT
  -------         PROC          _DELAY
  X:0011H         SYMBOL        time
  -------         DO            
  X:0015H         SYMBOL        i
  -------         ENDDO         
  C:0D2AH         LINE#         41
  C:0D30H         LINE#         42
  C:0D30H         LINE#         44
  C:0D5AH         LINE#         45
  C:0D81H         LINE#         46
  -------         ENDPROC       _DELAY
  -------         PROC          L?0052
  -------         ENDPROC       L?0052
  -------         PROC          _SENDCOMAND
  D:0006H         SYMBOL        Comand
  C:0E3AH         LINE#         48
  C:0E3AH         LINE#         49
  C:0E3AH         LINE#         50
  C:0E3CH         LINE#         51
  C:0E3EH         LINE#         52
  C:0E40H         LINE#         53
  C:0E42H         LINE#         54
  C:0E44H         LINE#         55
  -------         ENDPROC       _SENDCOMAND
  C:0CC3H         SYMBOL        L?0048
  C:0CC5H         SYMBOL        L?0049
  -------         PROC          L?0047
  -------         ENDPROC       L?0047
  C:0CC3H         SYMBOL        L?0048
  C:0CC5H         SYMBOL        L?0049
  -------         PROC          _SENDDATA
  X:0008H         SYMBOL        s_data
  X:000BH         SYMBOL        speed
BL51 BANKED LINKER/LOCATER V6.22.4.0                                                  11/28/2024  18:46:39  PAGE 5


  -------         DO            
  X:000FH         SYMBOL        i
  -------         ENDDO         
  C:0CCDH         LINE#         58
  C:0CDCH         LINE#         59
  C:0CDCH         LINE#         60
  C:0CE3H         LINE#         61
  C:0CFEH         LINE#         62
  C:0CFEH         LINE#         63
  C:0D00H         LINE#         64
  C:0D02H         LINE#         65
  C:0D04H         LINE#         66
  C:0D06H         LINE#         67
  C:0D08H         LINE#         68
  C:0D16H         LINE#         69
  C:0D27H         LINE#         70
  C:0D29H         LINE#         71
  -------         ENDPROC       _SENDDATA
  -------         PROC          _SENDINTEGER
  D:0006H         SYMBOL        integer
  X:000AH         SYMBOL        speed
  C:0E4FH         LINE#         73
  C:0E4FH         LINE#         74
  C:0E4FH         LINE#         75
  C:0E51H         LINE#         76
  C:0E53H         LINE#         77
  C:0E55H         LINE#         78
  C:0E57H         LINE#         79
  C:0E59H         LINE#         80
  -------         ENDPROC       _SENDINTEGER
  C:0E15H         SYMBOL        L?0051
  -------         PROC          L?0050
  -------         ENDPROC       L?0050
  C:0E15H         SYMBOL        L?0051
  -------         PROC          _FINDREMAINDER
  D:0006H         SYMBOL        a
  D:0004H         SYMBOL        b
  -------         DO            
  D:0006H         SYMBOL        c
  -------         ENDDO         
  C:0E1EH         LINE#         83
  C:0E1EH         LINE#         84
  C:0E1EH         LINE#         86
  C:0E2BH         LINE#         87
  C:0E2BH         LINE#         88
  C:0E31H         LINE#         89
  C:0E33H         LINE#         90
  C:0E33H         LINE#         91
  C:0E33H         LINE#         92
  -------         ENDPROC       _FINDREMAINDER
  -------         PROC          LCD
  -------         DO            
  X:0004H         SYMBOL        initCommands
  X:000AH         SYMBOL        t
  -------         ENDDO         
  C:0D82H         LINE#         94
  C:0D82H         LINE#         95
BL51 BANKED LINKER/LOCATER V6.22.4.0                                                  11/28/2024  18:46:39  PAGE 6


  C:0D82H         LINE#         96
  C:0D95H         LINE#         97
  C:0DD7H         LINE#         98
  -------         ENDPROC       LCD
  -------         PROC          DISPLAYLCD
  -------         DO            
  X:0004H         SYMBOL        a
  X:0006H         SYMBOL        b
  D:0006H         SYMBOL        d
  -------         ENDDO         
  C:0A01H         LINE#         100
  C:0A01H         LINE#         101
  C:0A01H         LINE#         103
  C:0A08H         LINE#         108
  C:0A16H         LINE#         109
  C:0A2BH         LINE#         110
  C:0A36H         LINE#         111
  C:0A3DH         LINE#         112
  C:0A60H         LINE#         113
  C:0A83H         LINE#         115
  C:0A91H         LINE#         116
  C:0AA1H         LINE#         117
  C:0AA1H         LINE#         118
  C:0AA4H         LINE#         119
  C:0AC7H         LINE#         120
  C:0AEAH         LINE#         122
  C:0AF8H         LINE#         123
  C:0B08H         LINE#         124
  C:0B08H         LINE#         125
  C:0B0BH         LINE#         126
  C:0B2EH         LINE#         127
  -------         ENDPROC       DISPLAYLCD
  -------         PROC          MAIN
  -------         DO            
  X:0000H         SYMBOL        e
  X:0002H         SYMBOL        i
  -------         ENDDO         
  C:0B51H         LINE#         130
  C:0B51H         LINE#         131
  C:0B51H         LINE#         133
  C:0B58H         LINE#         134
  C:0B5FH         LINE#         136
  C:0B62H         LINE#         137
  C:0B69H         LINE#         138
  C:0B6CH         LINE#         139
  C:0B6EH         LINE#         140
  C:0B70H         LINE#         141
  C:0B72H         LINE#         142
  C:0B79H         LINE#         143
  C:0B7FH         LINE#         144
  C:0B85H         LINE#         145
  C:0B88H         LINE#         146
  C:0B8BH         LINE#         147
  C:0B8EH         LINE#         148
  C:0B8EH         LINE#         149
  C:0B8EH         LINE#         150
  C:0B9AH         LINE#         151
BL51 BANKED LINKER/LOCATER V6.22.4.0                                                  11/28/2024  18:46:39  PAGE 7


  C:0B9AH         LINE#         152
  C:0BA4H         LINE#         153
  C:0BA4H         LINE#         154
  C:0BA7H         LINE#         155
  C:0BAEH         LINE#         156
  C:0BB0H         LINE#         157
  C:0BB0H         LINE#         158
  C:0BB3H         LINE#         159
  C:0BB3H         LINE#         161
  C:0BBAH         LINE#         162
  C:0BC0H         LINE#         163
  C:0BC6H         LINE#         164
  C:0BC8H         LINE#         165
  C:0BCBH         LINE#         166
  C:0BCEH         LINE#         167
  C:0BD7H         LINE#         168
  C:0BDAH         LINE#         169
  C:0BDFH         LINE#         170
  C:0BDFH         LINE#         171
  C:0BE2H         LINE#         172
  C:0BE2H         LINE#         173
  C:0BECH         LINE#         174
  C:0BECH         LINE#         175
  C:0BEEH         LINE#         176
  C:0BF5H         LINE#         177
  C:0BFBH         LINE#         178
  C:0C02H         LINE#         179
  C:0C08H         LINE#         180
  C:0C0AH         LINE#         182
  C:0C0AH         LINE#         183
  C:0C0CH         LINE#         184
  C:0C13H         LINE#         185
  C:0C14H         LINE#         186
  C:0C17H         LINE#         187
  C:0C20H         LINE#         188
  C:0C20H         LINE#         189
  -------         ENDPROC       MAIN
  -------         ENDMOD        TEST12

  -------         MODULE        ?C?COPY
  C:08D0H         PUBLIC        ?C?COPY
  -------         ENDMOD        ?C?COPY

  -------         MODULE        ?C?CLDOPTR
  C:08F6H         PUBLIC        ?C?CLDOPTR
  -------         ENDMOD        ?C?CLDOPTR

  -------         MODULE        ?C?SIDIV
  C:0923H         PUBLIC        ?C?SIDIV
  -------         ENDMOD        ?C?SIDIV

  -------         MODULE        ?C?SLCMP
  C:0959H         PUBLIC        ?C?SLCMP
  -------         ENDMOD        ?C?SLCMP

  -------         MODULE        ?C?LSTXDATA
  C:096FH         PUBLIC        ?C?LSTXDATA
BL51 BANKED LINKER/LOCATER V6.22.4.0                                                  11/28/2024  18:46:39  PAGE 8


  -------         ENDMOD        ?C?LSTXDATA

  -------         MODULE        ?C?LSTKXDATA
  C:097BH         PUBLIC        ?C?LSTKXDATA
  -------         ENDMOD        ?C?LSTKXDATA

  -------         MODULE        ?C?UIDIV
  C:09ACH         PUBLIC        ?C?UIDIV
  -------         ENDMOD        ?C?UIDIV

******************************************************************************
* RESTRICTED VERSION WITH 0800H BYTE CODE SIZE LIMIT; USED: 047BH BYTE (56%) *
******************************************************************************

Program Size: data=9.0 xdata=33 code=1660
LINK/LOCATE RUN COMPLETE.  0 WARNING(S),  0 ERROR(S)
